// Jest Snapshot v1, https://goo.gl/fbAQLP

exports[`matches snapshot 1`] = `
<DocumentFragment>
  <form>
    <label
      for="height"
    >
      Height:
    </label>
    <input
      id="height"
      name="height"
      style="margin: 10px;"
      type="number"
      value="0"
    />
    <label
      for="width"
    >
      Width:
    </label>
    <input
      id="width"
      name="width"
      style="margin: 10px;"
      type="number"
      value="0"
    />
    <label
      for="color"
    >
      Color:
    </label>
    <input
      id="color"
      name="color"
      style="margin: 10px;"
      value=""
    />
    <button
      type="submit"
    >
      Submit
    </button>
  </form>
</DocumentFragment>
`;
